[    0.000000] Initializing cgroup subsys cpuset
[    0.000000] Initializing cgroup subsys cpu
[    0.000000] Initializing cgroup subsys cpuacct
[    0.000000] Linux version 4.4.0-179-generic (buildd@lcy01-amd64-014) (gcc version 5.4.0 20160609 (Ubuntu 5.4.0-6ubuntu1~16.04.12) ) #209-Ubuntu SMP Fri Apr 24 17:48:44 UTC 2020 (Ubuntu 4.4.0-179.209-generic 4.4.219)
[    0.000000] Command line: BOOT_IMAGE=/boot/vmlinuz-4.4.0-179-generic root=LABEL=cloudimg-rootfs ro console=tty1 console=ttyS0
[    0.000000] KERNEL supported cpus:
[    0.000000]   Intel GenuineIntel
[    0.000000]   AMD AuthenticAMD
[    0.000000]   Centaur CentaurHauls
[    0.000000] x86/fpu: xstate_offset[2]:  576, xstate_sizes[2]:  256
[    0.000000] x86/fpu: Supporting XSAVE feature 0x01: 'x87 floating point registers'
[    0.000000] x86/fpu: Supporting XSAVE feature 0x02: 'SSE registers'
[    0.000000] x86/fpu: Supporting XSAVE feature 0x04: 'AVX registers'
[    0.000000] x86/fpu: Enabled xstate features 0x7, context size is 832 bytes, using 'standard' format.
[    0.000000] e820: BIOS-provided physical RAM map:
[    0.000000] BIOS-e820: [mem 0x0000000000000000-0x000000000009fbff] usable
[    0.000000] BIOS-e820: [mem 0x000000000009fc00-0x000000000009ffff] reserved
[    0.000000] BIOS-e820: [mem 0x00000000000f0000-0x00000000000fffff] reserved
[    0.000000] BIOS-e820: [mem 0x0000000000100000-0x000000007ffeffff] usable
[    0.000000] BIOS-e820: [mem 0x000000007fff0000-0x000000007fffffff] ACPI data
[    0.000000] BIOS-e820: [mem 0x00000000fec00000-0x00000000fec00fff] reserved
[    0.000000] BIOS-e820: [mem 0x00000000fee00000-0x00000000fee00fff] reserved
[    0.000000] BIOS-e820: [mem 0x00000000fffc0000-0x00000000ffffffff] reserved
[    0.000000] NX (Execute Disable) protection: active
[    0.000000] SMBIOS 2.5 present.
[    0.000000] Hypervisor detected: KVM
[    0.000000] e820: last_pfn = 0x7fff0 max_arch_pfn = 0x400000000
[    0.000000] MTRR: Disabled
[    0.000000] x86/PAT: MTRRs disabled, skipping PAT initialization too.
[    0.000000] CPU MTRRs all blank - virtualized system.
[    0.000000] x86/PAT: Configuration [0-7]: WB  WT  UC- UC  WB  WT  UC- UC  
[    0.000000] found SMP MP-table at [mem 0x0009fff0-0x0009ffff] mapped at [ffff88000009fff0]
[    0.000000] Scanning 1 areas for low memory corruption
[    0.000000] RAMDISK: [mem 0x362e2000-0x37168fff]
[    0.000000] ACPI: Early table checksum verification disabled
[    0.000000] ACPI: RSDP 0x00000000000E0000 000024 (v02 VBOX  )
[    0.000000] ACPI: XSDT 0x000000007FFF0030 00003C (v01 VBOX   VBOXXSDT 00000001 ASL  00000061)
[    0.000000] ACPI: FACP 0x000000007FFF00F0 0000F4 (v04 VBOX   VBOXFACP 00000001 ASL  00000061)
[    0.000000] ACPI: DSDT 0x000000007FFF0470 002325 (v02 VBOX   VBOXBIOS 00000002 INTL 20100528)
[    0.000000] ACPI: FACS 0x000000007FFF0200 000040
[    0.000000] ACPI: FACS 0x000000007FFF0200 000040
[    0.000000] ACPI: APIC 0x000000007FFF0240 00005C (v02 VBOX   VBOXAPIC 00000001 ASL  00000061)
[    0.000000] ACPI: SSDT 0x000000007FFF02A0 0001CC (v01 VBOX   VBOXCPUT 00000002 INTL 20100528)
[    0.000000] No NUMA configuration found
[    0.000000] Faking a node at [mem 0x0000000000000000-0x000000007ffeffff]
[    0.000000] NODE_DATA(0) allocated [mem 0x7ffeb000-0x7ffeffff]
[    0.000000] kvm-clock: Using msrs 4b564d01 and 4b564d00
[    0.000000] kvm-clock: cpu 0, msr 0:7ffe3001, primary cpu clock
[    0.000000] kvm-clock: using sched offset of 3787733900 cycles
[    0.000000] clocksource: kvm-clock: mask: 0xffffffffffffffff max_cycles: 0x1cd42e4dffb, max_idle_ns: 881590591483 ns
[    0.000000] Zone ranges:
[    0.000000]   DMA      [mem 0x0000000000001000-0x0000000000ffffff]
[    0.000000]   DMA32    [mem 0x0000000001000000-0x000000007ffeffff]
[    0.000000]   Normal   empty
[    0.000000]   Device   empty
[    0.000000] Movable zone start for each node
[    0.000000] Early memory node ranges
[    0.000000]   node   0: [mem 0x0000000000001000-0x000000000009efff]
[    0.000000]   node   0: [mem 0x0000000000100000-0x000000007ffeffff]
[    0.000000] Initmem setup node 0 [mem 0x0000000000001000-0x000000007ffeffff]
[    0.000000] ACPI: PM-Timer IO Port: 0x4008
[    0.000000] IOAPIC[0]: apic_id 2, version 32, address 0xfec00000, GSI 0-23
[    0.000000] ACPI: INT_SRC_OVR (bus 0 bus_irq 0 global_irq 2 dfl dfl)
[    0.000000] ACPI: INT_SRC_OVR (bus 0 bus_irq 9 global_irq 9 low level)
[    0.000000] Using ACPI (MADT) for SMP configuration information
[    0.000000] smpboot: Allowing 2 CPUs, 0 hotplug CPUs
[    0.000000] PM: Registered nosave memory: [mem 0x00000000-0x00000fff]
[    0.000000] PM: Registered nosave memory: [mem 0x0009f000-0x0009ffff]
[    0.000000] PM: Registered nosave memory: [mem 0x000a0000-0x000effff]
[    0.000000] PM: Registered nosave memory: [mem 0x000f0000-0x000fffff]
[    0.000000] e820: [mem 0x80000000-0xfebfffff] available for PCI devices
[    0.000000] Booting paravirtualized kernel on KVM
[    0.000000] clocksource: refined-jiffies: mask: 0xffffffff max_cycles: 0xffffffff, max_idle_ns: 7645519600211568 ns
[    0.000000] setup_percpu: NR_CPUS:512 nr_cpumask_bits:512 nr_cpu_ids:2 nr_node_ids:1
[    0.000000] PERCPU: Embedded 33 pages/cpu @ffff88007fc00000 s95448 r8192 d31528 u1048576
[    0.000000] Built 1 zonelists in Node order, mobility grouping on.  Total pages: 515960
[    0.000000] Policy zone: DMA32
[    0.000000] Kernel command line: BOOT_IMAGE=/boot/vmlinuz-4.4.0-179-generic root=LABEL=cloudimg-rootfs ro console=tty1 console=ttyS0
[    0.000000] PID hash table entries: 4096 (order: 3, 32768 bytes)
[    0.000000] Memory: 2029868K/2096696K available (8630K kernel code, 1336K rwdata, 4036K rodata, 1488K init, 1292K bss, 66828K reserved, 0K cma-reserved)
[    0.000000] SLUB: HWalign=64, Order=0-3, MinObjects=0, CPUs=2, Nodes=1
[    0.000000] Kernel/User page tables isolation: enabled
[    0.000000] Hierarchical RCU implementation.
[    0.000000] 	Build-time adjustment of leaf fanout to 64.
[    0.000000] 	RCU restricting CPUs from NR_CPUS=512 to nr_cpu_ids=2.
[    0.000000] RCU: Adjusting geometry for rcu_fanout_leaf=64, nr_cpu_ids=2
[    0.000000] NR_IRQS:33024 nr_irqs:440 16
[    0.000000] Console: colour VGA+ 80x25
[    0.000000] console [tty1] enabled
[    0.000000] console [ttyS0] enabled
[    0.000000] tsc: Detected 2194.918 MHz processor
[    0.171588] Calibrating delay loop (skipped) preset value.. 4389.83 BogoMIPS (lpj=8779672)
[    0.173416] pid_max: default: 32768 minimum: 301
[    0.174546] ACPI: Core revision 20150930
[    0.176626] ACPI: 2 ACPI AML tables successfully acquired and loaded
[    0.178208] Security Framework initialized
[    0.179139] Yama: becoming mindful.
[    0.180217] AppArmor: AppArmor initialized
[    0.182741] Dentry cache hash table entries: 262144 (order: 9, 2097152 bytes)
[    0.184862] Inode-cache hash table entries: 131072 (order: 8, 1048576 bytes)
[    0.187593] Mount-cache hash table entries: 4096 (order: 3, 32768 bytes)
[    0.188891] Mountpoint-cache hash table entries: 4096 (order: 3, 32768 bytes)
[    0.190616] Initializing cgroup subsys io
[    0.191585] Initializing cgroup subsys memory
[    0.192788] Initializing cgroup subsys devices
[    0.193775] Initializing cgroup subsys freezer
[    0.194678] Initializing cgroup subsys net_cls
[    0.195717] Initializing cgroup subsys perf_event
[    0.196759] Initializing cgroup subsys net_prio
[    0.197831] Initializing cgroup subsys hugetlb
[    0.198820] Initializing cgroup subsys pids
[    0.206627] mce: CPU supports 0 MCE banks
[    0.207580] Last level iTLB entries: 4KB 1024, 2MB 1024, 4MB 1024
[    0.208791] Last level dTLB entries: 4KB 1024, 2MB 1024, 4MB 1024, 1GB 4
[    0.210105] Spectre V1 : Mitigation: usercopy/swapgs barriers and __user pointer sanitization
[    0.211969] Spectre V2 : Mitigation: Full generic retpoline
[    0.213170] Spectre V2 : Spectre v2 / SpectreRSB mitigation: Filling RSB on context switch
[    0.214951] Speculative Store Bypass: Vulnerable
[    0.216021] MDS: Mitigation: Clear CPU buffers
[    0.219675] Freeing SMP alternatives memory: 36K
[    0.226639] ftrace: allocating 32313 entries in 127 pages
[    0.283770] smpboot: APIC(0) Converting physical 0 to logical package 0
[    0.285189] smpboot: Max logical packages: 1
[    0.286295] x2apic enabled
[    0.287321] Switched APIC routing to physical x2apic.
[    0.289433] ..TIMER: vector=0x30 apic1=0 pin1=2 apic2=-1 pin2=-1
[    0.398988] smpboot: CPU0: Intel(R) Core(TM) i7-4770HQ CPU @ 2.20GHz (family: 0x6, model: 0x46, stepping: 0x1)
[    0.401399] Performance Events: unsupported p6 CPU model 70 no PMU driver, software events only.
[    0.414471] KVM setup paravirtual spinlock
[    0.417772] x86: Booting SMP configuration:
[    0.418840] .... node  #0, CPUs:      #1
[    0.420101] kvm-clock: cpu 1, msr 0:7ffe3041, secondary cpu clock
[    0.427524] mce: CPU supports 0 MCE banks
[    0.430779] x86: Booted up 1 node, 2 CPUs
[    0.432018] smpboot: Total of 2 processors activated (8779.67 BogoMIPS)
[    0.433778] devtmpfs: initialized
[    0.436365] evm: security.selinux
[    0.437236] evm: security.SMACK64
[    0.438070] evm: security.SMACK64EXEC
[    0.438998] evm: security.SMACK64TRANSMUTE
[    0.439849] evm: security.SMACK64MMAP
[    0.440646] evm: security.ima
[    0.441452] evm: security.capability
[    0.442607] clocksource: jiffies: mask: 0xffffffff max_cycles: 0xffffffff, max_idle_ns: 7645041785100000 ns
[    0.444623] futex hash table entries: 512 (order: 3, 32768 bytes)
[    0.446092] pinctrl core: initialized pinctrl subsystem
[    0.447636] RTC time: 13:00:46, date: 06/06/20
[    0.448792] NET: Registered protocol family 16
[    0.458389] cpuidle: using governor ladder
[    0.470682] cpuidle: using governor menu
[    0.471910] PCCT header not found.
[    0.473011] ACPI: bus type PCI registered
[    0.473882] acpiphp: ACPI Hot Plug PCI Controller Driver version: 0.5
[    0.475586] PCI: Using configuration type 1 for base access
[    0.488247] ACPI: Added _OSI(Module Device)
[    0.489218] ACPI: Added _OSI(Processor Device)
[    0.490209] ACPI: Added _OSI(3.0 _SCP Extensions)
[    0.491233] ACPI: Added _OSI(Processor Aggregator Device)
[    0.493365] ACPI: Executed 1 blocks of module-level executable AML code
[    0.496667] ACPI: Interpreter enabled
[    0.497687] ACPI: (supports S0 S5)
[    0.498539] ACPI: Using IOAPIC for interrupt routing
[    0.499921] PCI: Using host bridge windows from ACPI; if necessary, use "pci=nocrs" and report a bug
[    0.505973] ACPI: PCI Root Bridge [PCI0] (domain 0000 [bus 00-ff])
[    0.507278] acpi PNP0A03:00: _OSC: OS supports [ASPM ClockPM Segments MSI]
[    0.509030] acpi PNP0A03:00: _OSC: not requesting OS control; OS requires [ExtendedConfig ASPM ClockPM MSI]
[    0.511579] acpi PNP0A03:00: fail to add MMCONFIG information, can't access extended PCI configuration space under this bridge.
[    0.514683] PCI host bridge to bus 0000:00
[    0.515611] pci_bus 0000:00: root bus resource [io  0x0000-0x0cf7 window]
[    0.516957] pci_bus 0000:00: root bus resource [io  0x0d00-0xffff window]
[    0.518245] pci_bus 0000:00: root bus resource [mem 0x000a0000-0x000bffff window]
[    0.520194] pci_bus 0000:00: root bus resource [mem 0x80000000-0xfdffffff window]
[    0.522054] pci_bus 0000:00: root bus resource [bus 00-ff]
[    0.525436] pci 0000:00:01.1: legacy IDE quirk: reg 0x10: [io  0x01f0-0x01f7]
[    0.527165] pci 0000:00:01.1: legacy IDE quirk: reg 0x14: [io  0x03f6]
[    0.528467] pci 0000:00:01.1: legacy IDE quirk: reg 0x18: [io  0x0170-0x0177]
[    0.529965] pci 0000:00:01.1: legacy IDE quirk: reg 0x1c: [io  0x0376]
[    0.561347] pci 0000:00:07.0: quirk: [io  0x4000-0x403f] claimed by PIIX4 ACPI
[    0.563357] pci 0000:00:07.0: quirk: [io  0x4100-0x410f] claimed by PIIX4 SMB
[    0.577631] ACPI: PCI Interrupt Link [LNKA] (IRQs 5 9 10 *11)
[    0.580053] ACPI: PCI Interrupt Link [LNKB] (IRQs 5 9 *10 11)
[    0.582213] ACPI: PCI Interrupt Link [LNKC] (IRQs 5 *9 10 11)
[    0.583986] ACPI: PCI Interrupt Link [LNKD] (IRQs 5 9 10 *11)
[    0.585759] ACPI: Enabled 2 GPEs in block 00 to 07
[    0.587301] vgaarb: setting as boot device: PCI:0000:00:02.0
[    0.588488] vgaarb: device added: PCI:0000:00:02.0,decodes=io+mem,owns=io+mem,locks=none
[    0.590182] vgaarb: loaded
[    0.590895] vgaarb: bridge control possible 0000:00:02.0
[    0.592319] SCSI subsystem initialized
[    0.593336] ACPI: bus type USB registered
[    0.594302] usbcore: registered new interface driver usbfs
[    0.595445] usbcore: registered new interface driver hub
[    0.596544] usbcore: registered new device driver usb
[    0.598173] PCI: Using ACPI for IRQ routing
[    0.599502] NetLabel: Initializing
[    0.600277] NetLabel:  domain hash size = 128
[    0.601206] NetLabel:  protocols = UNLABELED CIPSOv4
[    0.602353] NetLabel:  unlabeled traffic allowed by default
[    0.603820] amd_nb: Cannot enumerate AMD northbridges
[    0.604937] clocksource: Switched to clocksource kvm-clock
[    0.615431] AppArmor: AppArmor Filesystem Enabled
[    0.616848] pnp: PnP ACPI init
[    0.618730] pnp: PnP ACPI: found 3 devices
[    0.634094] clocksource: acpi_pm: mask: 0xffffff max_cycles: 0xffffff, max_idle_ns: 2085701024 ns
[    0.636439] NET: Registered protocol family 2
[    0.637700] TCP established hash table entries: 16384 (order: 5, 131072 bytes)
[    0.639418] TCP bind hash table entries: 16384 (order: 6, 262144 bytes)
[    0.640729] TCP: Hash tables configured (established 16384 bind 16384)
[    0.642141] UDP hash table entries: 1024 (order: 3, 32768 bytes)
[    0.643674] UDP-Lite hash table entries: 1024 (order: 3, 32768 bytes)
[    0.645263] NET: Registered protocol family 1
[    0.646266] pci 0000:00:00.0: Limiting direct PCI/PCI transfers
[    0.647901] pci 0000:00:01.0: Activating ISA DMA hang workarounds
[    0.650211] Unpacking initramfs...
[    0.888615] Freeing initrd memory: 14876K
[    0.889643] clocksource: tsc: mask: 0xffffffffffffffff max_cycles: 0x1fa37202099, max_idle_ns: 440795206796 ns
[    0.891686] platform rtc_cmos: registered platform RTC device (no PNP device found)
[    0.893435] Scanning for low memory corruption every 60 seconds
[    0.895365] audit: initializing netlink subsys (disabled)
[    0.896523] audit: type=2000 audit(1591448451.419:1): initialized
[    0.898192] Initialise system trusted keyring
[    0.899522] HugeTLB registered 2 MB page size, pre-allocated 0 pages
[    0.902084] zbud: loaded
[    0.903101] VFS: Disk quotas dquot_6.6.0
[    0.904014] VFS: Dquot-cache hash table entries: 512 (order 0, 4096 bytes)
[    0.905698] squashfs: version 4.0 (2009/01/31) Phillip Lougher
[    0.907201] fuse init (API version 7.23)
[    0.908272] Key type big_key registered
[    0.909183] Allocating IMA MOK and blacklist keyrings.
[    0.912095] Key type asymmetric registered
[    0.912991] Asymmetric key parser 'x509' registered
[    0.914139] Block layer SCSI generic (bsg) driver version 0.4 loaded (major 249)
[    0.916070] io scheduler noop registered
[    0.917062] io scheduler deadline registered (default)
[    0.918363] io scheduler cfq registered
[    0.919349] pci_hotplug: PCI Hot Plug PCI Core version: 0.5
[    0.920480] pciehp: PCI Express Hot Plug Controller Driver version: 0.4
[    0.922216] ACPI: AC Adapter [AC] (on-line)
[    0.923163] input: Power Button as /devices/LNXSYSTM:00/LNXPWRBN:00/input/input0
[    0.924718] ACPI: Power Button [PWRF]
[    0.925694] input: Sleep Button as /devices/LNXSYSTM:00/LNXSLPBN:00/input/input1
[    0.927309] ACPI: Sleep Button [SLPF]
[    0.928283] GHES: HEST is not enabled!
[    0.929650] ACPI: Battery Slot [BAT0] (battery present)
[    0.931119] Serial: 8250/16550 driver, 32 ports, IRQ sharing enabled
[    0.953316] 00:02: ttyS0 at I/O 0x3f8 (irq = 4, base_baud = 115200) is a 16550A
[    0.958895] Linux agpgart interface v0.103
[    0.963241] loop: module loaded
[    0.964779] scsi host0: ata_piix
[    0.965958] scsi host1: ata_piix
[    0.966757] ata1: PATA max UDMA/33 cmd 0x1f0 ctl 0x3f6 bmdma 0xd000 irq 14
[    0.968083] ata2: PATA max UDMA/33 cmd 0x170 ctl 0x376 bmdma 0xd008 irq 15
[    0.969575] libphy: Fixed MDIO Bus: probed
[    0.970489] tun: Universal TUN/TAP device driver, 1.6
[    0.971870] tun: (C) 1999-2004 Max Krasnyansky <maxk@qualcomm.com>
[    0.973267] PPP generic driver version 2.4.2
[    0.974339] ehci_hcd: USB 2.0 'Enhanced' Host Controller (EHCI) Driver
[    0.975891] ehci-pci: EHCI PCI platform driver
[    0.976857] ehci-platform: EHCI generic platform driver
[    0.977989] ohci_hcd: USB 1.1 'Open' Host Controller (OHCI) Driver
[    0.979384] ohci-pci: OHCI PCI platform driver
[    0.980334] ohci-platform: OHCI generic platform driver
[    0.981803] uhci_hcd: USB Universal Host Controller Interface driver
[    0.983289] i8042: PNP: PS/2 Controller [PNP0303:PS2K,PNP0f03:PS2M] at 0x60,0x64 irq 1,12
[    0.985493] serio: i8042 KBD port at 0x60,0x64 irq 1
[    0.986531] serio: i8042 AUX port at 0x60,0x64 irq 12
[    0.987917] mousedev: PS/2 mouse device common for all mice
[    0.989614] input: AT Translated Set 2 keyboard as /devices/platform/i8042/serio0/input/input2
[    0.992048] rtc_cmos rtc_cmos: rtc core: registered rtc_cmos as rtc0
[    0.993458] rtc_cmos rtc_cmos: alarms up to one day, 114 bytes nvram
[    0.994760] i2c /dev entries driver
[    0.995656] device-mapper: uevent: version 1.0.3
[    0.996871] device-mapper: ioctl: 4.34.0-ioctl (2015-10-28) initialised: dm-devel@redhat.com
[    0.998931] ledtrig-cpu: registered to indicate activity on CPUs
[    1.001014] NET: Registered protocol family 10
[    1.002468] NET: Registered protocol family 17
[    1.003444] Key type dns_resolver registered
[    1.004976] registered taskstats version 1
[    1.005838] Loading compiled-in X.509 certificates
[    1.007510] Loaded X.509 cert 'Build time autogenerated kernel key: a9e5689415cbbea5b40a198600f217117afda70c'
[    1.009563] zswap: loaded using pool lzo/zbud
[    1.012501] Key type trusted registered
[    1.017041] Key type encrypted registered
[    1.018003] AppArmor: AppArmor sha1 policy hashing enabled
[    1.019116] ima: No TPM chip found, activating TPM-bypass!
[    1.020272] ima: Allocated hash algorithm: sha1
[    1.021607] evm: HMAC attrs: 0x1
[    1.023054]   Magic number: 8:788:27
[    1.023957] rtc_cmos rtc_cmos: setting system clock to 2020-06-06 13:00:46 UTC (1591448446)
[    1.025951] BIOS EDD facility v0.16 2004-Jun-25, 0 devices found
[    1.027181] EDD information not available.
[    1.149271] Freeing unused kernel memory: 1488K
[    1.150395] Write protecting the kernel read-only data: 14336k
[    1.151999] Freeing unused kernel memory: 1600K
[    1.153150] Freeing unused kernel memory: 60K
Loading, please wait...
starting version 229
[    1.171361] random: systemd-udevd: uninitialized urandom read (16 bytes read, 2 bits of entropy available)
[    1.172217] random: udevadm: uninitialized urandom read (16 bytes read, 2 bits of entropy available)
[    1.172240] random: udevadm: uninitialized urandom read (16 bytes read, 2 bits of entropy available)
[    1.178840] random: systemd-udevd: uninitialized urandom read (16 bytes read, 2 bits of entropy available)
[    1.180749] random: udevadm: uninitialized urandom read (16 bytes read, 2 bits of entropy available)
[    1.181020] random: udevadm: uninitialized urandom read (16 bytes read, 2 bits of entropy available)
[    1.181347] random: udevadm: uninitialized urandom read (16 bytes read, 2 bits of entropy available)
[    1.181488] random: udevadm: uninitialized urandom read (16 bytes read, 2 bits of entropy available)
[    1.181552] random: udevadm: uninitialized urandom read (16 bytes read, 2 bits of entropy available)
[    1.181600] random: udevadm: uninitialized urandom read (16 bytes read, 2 bits of entropy available)
[    1.239104] e1000: Intel(R) PRO/1000 Network Driver - version 7.3.21-k8-NAPI
[    1.240626] e1000: Copyright (c) 1999-2006 Intel Corporation.
[    1.242505] Fusion MPT base driver 3.04.20
[    1.243468] Copyright (c) 1999-2008 LSI Corporation
[    1.254289] Fusion MPT SPI Host driver 3.04.20
[    1.260919] AVX2 version of gcm_enc/dec engaged.
[    1.262022] AES CTR mode by8 optimization enabled
[    1.454248] input: ImExPS/2 Generic Explorer Mouse as /devices/platform/i8042/serio1/input/input4
[    1.617339] e1000 0000:00:03.0 eth0: (PCI:33MHz:32-bit) 02:7c:66:aa:a6:59
[    1.618842] e1000 0000:00:03.0 eth0: Intel(R) PRO/1000 Network Connection
[    2.006004] e1000 0000:00:08.0 eth1: (PCI:33MHz:32-bit) 08:00:27:33:72:8e
[    2.007384] e1000 0000:00:08.0 eth1: Intel(R) PRO/1000 Network Connection
[    2.010346] e1000 0000:00:08.0 enp0s8: renamed from eth1
[    2.012017] mptbase: ioc0: Initiating bringup
[    2.048546] e1000 0000:00:03.0 enp0s3: renamed from eth0
[    2.167116] ioc0: LSI53C1030 A0: Capabilities={Initiator}
[    4.165268] scsi host2: ioc0: LSI53C1030 A0, FwRev=00000000h, Ports=1, MaxQ=256, IRQ=20
[    6.026396] scsi 2:0:0:0: Direct-Access     VBOX     HARDDISK         1.0  PQ: 0 ANSI: 5
[    6.029002] scsi target2:0:0: Beginning Domain Validation
[    6.032151] scsi target2:0:0: Domain Validation skipping write tests
[    6.033508] scsi target2:0:0: Ending Domain Validation
[    6.034754] scsi target2:0:0: asynchronous
[    6.036629] scsi 2:0:1:0: Direct-Access     VBOX     HARDDISK         1.0  PQ: 0 ANSI: 5
[    6.047607] scsi target2:0:1: Beginning Domain Validation
[    6.050805] scsi target2:0:1: Domain Validation skipping write tests
[    6.052175] scsi target2:0:1: Ending Domain Validation
[    6.053436] scsi target2:0:1: asynchronous
[    6.061498] sd 2:0:0:0: [sda] 20971520 512-byte logical blocks: (10.7 GB/10.0 GiB)
[    6.061731] sd 2:0:0:0: Attached scsi generic sg0 type 0
[    6.061878] sd 2:0:1:0: Attached scsi generic sg1 type 0
[    6.062423] sd 2:0:1:0: [sdb] 20480 512-byte logical blocks: (10.5 MB/10.0 MiB)
[    6.062629] sd 2:0:1:0: [sdb] Write Protect is off
[    6.062772] sd 2:0:1:0: [sdb] Incomplete mode parameter data
[    6.062773] sd 2:0:1:0: [sdb] Assuming drive cache: write through
[    6.064540] sd 2:0:1:0: [sdb] Attached SCSI disk
[    6.072850] sd 2:0:0:0: [sda] Write Protect is off
[    6.074235] sd 2:0:0:0: [sda] Incomplete mode parameter data
[    6.075376] sd 2:0:0:0: [sda] Assuming drive cache: write through
[    6.078132]  sda: sda1
[    6.080213] sd 2:0:0:0: [sda] Attached SCSI disk
Begin: Loading essential drivers ... [    7.389431] md: linear personality registered for level -1
[    7.393027] md: multipath personality registered for level -4
[    7.396726] md: raid0 personality registered for level 0
[    7.402644] md: raid1 personality registered for level 1
[    7.473504] raid6: sse2x1   gen()  8906 MB/s
[    7.541212] raid6: sse2x1   xor()  7374 MB/s
[    7.609018] raid6: sse2x2   gen() 12058 MB/s
[    7.676990] raid6: sse2x2   xor()  7612 MB/s
[    7.745145] raid6: sse2x4   gen() 13949 MB/s
[    7.813013] raid6: sse2x4   xor()  9577 MB/s
[    7.881179] raid6: avx2x1   gen() 18920 MB/s
[    7.949188] raid6: avx2x2   gen() 22000 MB/s
[    8.017145] raid6: avx2x4   gen() 24800 MB/s
[    8.018066] raid6: using algorithm avx2x4 gen() 24800 MB/s
[    8.019225] raid6: using avx2x2 recovery algorithm
[    8.022030] xor: automatically using best checksumming function:
[    8.060953]    avx       : 29384.000 MB/sec
[    8.063243] async_tx: api initialized (async)
[    8.074690] md: raid6 personality registered for level 6
[    8.075830] md: raid5 personality registered for level 5
[    8.076974] md: raid4 personality registered for level 4
[    8.084917] md: raid10 personality registered for level 10
done.
Begin: Running /scripts/init-premount ... done.
Begin: Mounting root file system ... Begin: Running /scripts/local-top ... done.
Begin: Running /scripts/local-premount ... [    8.115488] Btrfs loaded
Scanning for Btrfs filesystems
done.
Warning: fsck not present, so skipping root file system
[    8.140292] EXT4-fs (sda1): mounted filesystem with ordered data mode. Opts: (null)
done.
Begin: Running /scripts/local-bottom ... done.
Begin: Running /scripts/init-bottom ... done.
[    8.225412] systemd[1]: systemd 229 running in system mode. (+PAM +AUDIT +SELINUX +IMA +APPARMOR +SMACK +SYSVINIT +UTMP +LIBCRYPTSETUP +GCRYPT +GNUTLS +ACL +XZ -LZ4 +SECCOMP +BLKID +ELFUTILS +KMOD -IDN)
[    8.228978] systemd[1]: Detected virtualization oracle.
[    8.230102] systemd[1]: Detected architecture x86-64.

Welcome to [1mUbuntu 16.04.6 LTS[0m!

[    8.234292] systemd[1]: Set hostname to <ubuntu>.
[    8.237871] systemd[1]: Initializing machine ID from random generator.
[    8.239597] systemd[1]: Installed transient /etc/machine-id file.
[    8.347103] systemd[1]: Listening on udev Control Socket.
[[0;32m  OK  [0m] Listening on udev Control Socket.
[    8.349511] systemd[1]: Reached target User and Group Name Lookups.
[[0;32m  OK  [0m] Reached target User and Group Name Lookups.
[    8.352040] systemd[1]: Listening on Device-mapper event daemon FIFOs.
[[0;32m  OK  [0m] Listening on Device-mapper event daemon FIFOs.
[    8.354516] systemd[1]: Listening on /dev/initctl Compatibility Named Pipe.
[[0;32m  OK  [0m] Listening on /dev/initctl Compatibility Named Pipe.
[    8.357083] systemd[1]: Reached target Encrypted Volumes.
[[0;32m  OK  [0m] Reached target Encrypted Volumes.
[    8.365829] systemd[1]: Listening on LVM2 metadata daemon socket.
[[0;32m  OK  [0m] Listening on LVM2 metadata daemon socket.
[    8.368223] systemd[1]: Listening on LVM2 poll daemon socket.
[[0;32m  OK  [0m] Listening on LVM2 poll daemon socket.
[    8.370469] systemd[1]: Set up automount Arbitrary Executable File Formats File System Automount Point.
[[0;32m  OK  [0m] Set up automount Arbitrary Executab...ats File System Automount Point.
[    8.373696] systemd[1]: Started Trigger resolvconf update for networkd DNS.
[[0;32m  OK  [0m] Started Trigger resolvconf update for networkd DNS.
[    8.376217] systemd[1]: Listening on Journal Audit Socket.
[[0;32m  OK  [0m] Listening on Journal Audit Socket.
[    8.378350] systemd[1]: Reached target System Time Synchronized.
[[0;32m  OK  [0m] Reached target System Time Synchronized.
[    8.381177] systemd[1]: Created slice User and Session Slice.
[[0;32m  OK  [0m] Created slice User and Session Slice.
[    8.383417] systemd[1]: Listening on Journal Socket (/dev/log).
[[0;32m  OK  [0m] Listening on Journal Socket (/dev/log).
[    8.385475] systemd[1]: Started Forward Password Requests to Wall Directory Watch.
[[0;32m  OK  [0m] Started Forward Password Requests to Wall Directory Watch.
[    8.387911] systemd[1]: Listening on Syslog Socket.
[[0;32m  OK  [0m] Listening on Syslog Socket.
[    8.389741] systemd[1]: Listening on udev Kernel Socket.
[[0;32m  OK  [0m] Listening on udev Kernel Socket.
[    8.391764] systemd[1]: Listening on Journal Socket.
[[0;32m  OK  [0m] Listening on Journal Socket.
[    8.394084] systemd[1]: Created slice System Slice.
[[0;32m  OK  [0m] Created slice System Slice.
[    8.409523] systemd[1]: Starting Create list of required static device nodes for the current kernel...
         Starting Create list of required st... nodes for the current kernel...
[    8.422587] systemd[1]: Mounting Huge Pages File System...
         Mounting Huge Pages File System...
[    8.434412] systemd[1]: Starting Nameserver information manager...
         Starting Nameserver information manager...
[    8.442156] systemd[1]: Created slice system-serial\x2dgetty.slice.
[[0;32m  OK  [0m] Created slice system-serial\x2dgetty.slice.
[    8.454436] systemd[1]: Mounting POSIX Message Queue File System...
         Mounting POSIX Message Queue File System...
[    8.457310] systemd[1]: Reached target Slices.
[[0;32m  OK  [0m] Reached target Slices.
[    8.460122] systemd[1]: Starting Monitoring of LVM2 mirrors, snapshots etc. using dmeventd or progress polling...
         Starting Monitoring of LVM2 mirrors... dmeventd or progress polling...
[    8.467295] systemd[1]: Starting Load Kernel Modules...
         Starting Load Kernel Modules...
[    8.474068] systemd[1]: Starting Set console keymap...
         Starting Set console keymap...
[    8.479670] systemd[1]: Starting Remount Root and Kernel File Systems...
         Starting Remount Root and Kernel File Systems...
[    8.484653] EXT4-fs (sda1): re-mounted. Opts: (null)
[    8.486355] Loading iSCSI transport class v2.0-870.
[    8.489915] systemd[1]: Starting Uncomplicated firewall...
         Starting Uncomplicated firewall...
[    8.493379] systemd[1]: Mounting Debug File System...
         Mounting Debug File System...
[    8.501974] systemd[1]: Starting Journal Service...
         Starting Journal Service...
[    8.504264] systemd[1]: Reached target Swap.
[[0;32m  OK  [0m] Reached target Swap.
[    8.509033] iscsi: registered transport (tcp)
[    8.509819] systemd[1]: Mounted Huge Pages File System.
[[0;32m  OK  [0m] Mounted Huge Pages File System.
[    8.513362] systemd[1]: Mounted Debug File System.
[[0;32m  OK  [0m] Mounted Debug File System.
[    8.515785] systemd[1]: Mounted POSIX Message Queue File System.
[[0;32m  OK  [0m] Mounted POSIX Message Queue File System.
[    8.521062] systemd[1]: Started Create list of required static device nodes for the current kernel.
[[0;32m  OK  [0m] Started Create list of required sta...ce nodes for the current kernel.
[    8.533955] systemd[1]: Started Remount Root and Kernel File Systems.
[[0;32m  OK  [0m] Started Remount Root and Kernel File Systems.
[    8.538707] systemd[1]: Started Uncomplicated firewall.
[[0;32m  OK  [0m] Started Uncomplicated firewall.
[    8.546982] systemd[1]: Started LVM2 metadata daemon.
[[0;32m  OK  [0m] Started LVM2 metadata daemon.
[    8.555940] systemd[1]: Starting udev Coldplug all Devices...
         Starting udev Coldplug all Devices...
[    8.566469] systemd[1]: Starting Load/Save Random Seed...
         Starting Load/Save Random Seed...
[    8.578762] systemd[1]: Starting Create Static Device Nodes in /dev...
         Starting Create Static Device Nodes in /dev...
[    8.589932] systemd[1]: Started Journal Service.
[[0;32m  OK  [0m] Started Journal Service.
[    8.597191] iscsi: registered transport (iser)
[[0;32m  OK  [0m] Started Set console keymap.
[[0;32m  OK  [0m] Started Load Kernel Modules.
[[0;32m  OK  [0m] Started Nameserver information manager.
[[0;32m  OK  [0m] Started Load/Save Random Seed.
[[0;32m  OK  [0m] Started Create Static Device Nodes in /dev.
         Starting udev Kernel Device Manager...
         Mounting FUSE Control File System...
         Starting Apply Kernel Variables...
         Starting Flush Journal to Persistent Storage...
[[0;32m  OK  [0m] Mounted FUSE Control File System.
[[0;32m  OK  [0m] Started Apply Kernel Variables.
[[0;32m  OK  [0m] Started Monitoring of LVM2 mirrors,...ng dmeventd or progress polling.
[[0;32m  OK  [0m] Started Flush Journal to Persistent Storage.
[[0;32m  OK  [0m] Reached target Local File Systems (Pre).
[[0;32m  OK  [0m] Reached target Local File Systems.
         Starting LSB: AppArmor initialization...
         Starting Commit a transient machine-id on disk...
         Starting Tell Plymouth To Write Out Runtime Data...
         Starting Create Volatile Files and Directories...
         Starting Set console font and keymap...
         Starting Initial cloud-init job (pre-networking)...
[[0;32m  OK  [0m] Started udev Coldplug all Devices.
[[0;32m  OK  [0m] Started Tell Plymouth To Write Out Runtime Data.
[[0;32m  OK  [0m] Started Commit a transient machine-id on disk.
[[0;32m  OK  [0m] Started Create Volatile Files and Directories.
         Starting Update UTMP about System Boot/Shutdown...
[[0;32m  OK  [0m] Started udev Kernel Device Manager.
[[0;32m  OK  [0m] Started Dispatch Password Requests to Console Directory Watch.
[[0;32m  OK  [0m] Started Update UTMP about System Boot/Shutdown.
[[0;32m  OK  [0m] Found device /dev/ttyS0.
[[0;32m  OK  [0m] Listening on Load/Save RF Kill Switch Status /dev/rfkill Watch.
[[0;32m  OK  [0m] Started LSB: AppArmor initialization.
[    9.752791] cloud-init[484]: Cloud-init v. 19.4-33-gbb4131a2-0ubuntu1~16.04.1 running 'init-local' at Sat, 06 Jun 2020 13:00:54 +0000. Up 9.30 seconds.
[[0;32m  OK  [0m] Started Initial cloud-init job (pre-networking).
[[0;32m  OK  [0m] Reached target Network (Pre).
         Starting Raise network interfaces...
[[0;32m  OK  [0m] Started Set console font and keymap.
[[0;32m  OK  [0m] Created slice system-getty.slice.
[[0;32m  OK  [0m] Started Raise network interfaces.
[[0;32m  OK  [0m] Reached target Network.
         Starting Initial cloud-init job (metadata service crawler)...
[   11.142273] cloud-init[964]: Cloud-init v. 19.4-33-gbb4131a2-0ubuntu1~16.04.1 running 'init' at Sat, 06 Jun 2020 13:00:56 +0000. Up 10.70 seconds.
[   11.152647] cloud-init[964]: ci-info: ++++++++++++++++++++++++++++++++++++++Net device info+++++++++++++++++++++++++++++++++++++++
[   11.154828] cloud-init[964]: ci-info: +--------+-------+----------------------------+---------------+--------+-------------------+
[   11.164648] cloud-init[964]: ci-info: | Device |   Up  |          Address           |      Mask     | Scope  |     Hw-Address    |
[   11.166482] cloud-init[964]: ci-info: +--------+-------+----------------------------+---------------+--------+-------------------+
[   11.168030] cloud-init[964]: ci-info: | enp0s3 |  True |         10.0.2.15          | 255.255.255.0 | global | 02:7c:66:aa:a6:59 |
[   11.169657] cloud-init[964]: ci-info: | enp0s3 |  True | fe80::7c:66ff:feaa:a659/64 |       .       |  link  | 02:7c:66:aa:a6:59 |
[   11.171179] cloud-init[964]: ci-info: | enp0s8 | False |             .              |       .       |   .    | 08:00:27:33:72:8e |
[   11.180490] cloud-init[964]: ci-info: |   lo   |  True |         127.0.0.1          |   255.0.0.0   |  host  |         .         |
[   11.182138] cloud-init[964]: ci-info: |   lo   |  True |          ::1/128           |       .       |  host  |         .         |
[   11.188289] cloud-init[964]: ci-info: +--------+-------+----------------------------+---------------+--------+-------------------+
[   11.189649] cloud-init[964]: ci-info: +++++++++++++++++++++++++++Route IPv4 info++++++++++++++++++++++++++++
[   11.190875] cloud-init[964]: ci-info: +-------+-------------+----------+---------------+-----------+-------+
[   11.196426] cloud-init[964]: ci-info: | Route | Destination | Gateway  |    Genmask    | Interface | Flags |
[   11.197783] cloud-init[964]: ci-info: +-------+-------------+----------+---------------+-----------+-------+
[   11.200429] cloud-init[964]: ci-info: |   0   |   0.0.0.0   | 10.0.2.2 |    0.0.0.0    |   enp0s3  |   UG  |
[   11.200734] cloud-init[964]: ci-info: |   1   |   10.0.2.0  | 0.0.0.0  | 255.255.255.0 |   enp0s3  |   U   |
[   11.201141] cloud-init[964]: ci-info: +-------+-------------+----------+---------------+-----------+-------+
[[0;32m  OK  [0m] Started Initial cloud-init job (metadata service crawler).
[   11.201617] cloud-init[964]: ci-info: +++++++++++++++++++Route IPv6 info+++++++++++++++++++
[   11.205284] cloud-init[964]: ci-info: +-------+-------------+---------+-----------+-------+
[   11.205514] cloud-init[964]: ci-info: | Route | Destination | Gateway | Interface | Flags |
[   11.205709] cloud-init[964]: ci-info: +-------+-------------+---------+-----------+-------+
[   11.206129] cloud-init[964]: ci-info: |   0   |  fe80::/64  |    ::   |   enp0s3  |   U   |
[   11.206275] cloud-init[964]: ci-info: |   3   |   ff00::/8  |    ::   |   enp0s3  |   U   |
[   11.206378] cloud-init[964]: ci-info: +-------+-------------+---------+-----------+-------+
[   11.206768] cloud-init[964]: Generating public/private rsa key pair.
[   11.207112] cloud-init[964]: Your identification has been saved in /etc/ssh/ssh_host_rsa_key.
[   11.207143] cloud-init[964]: Your public key has been saved in /etc/ssh/ssh_host_rsa_key.pub.
[   11.207303] cloud-init[964]: The key fingerprint is:
[   11.207832] cloud-init[964]: SHA256:Vd6bCC6BfZR9V8w81RFFrWSc8vNC0I/7oRCIJuAqNkI root@ubuntu-xenial
[   11.208406] cloud-init[964]: The key's randomart image is:
[   11.208818] cloud-init[964]: +---[RSA 2048]----+
[   11.209209] cloud-init[964]: |          .o.o O&|
[   11.209472] cloud-init[964]: |   .   o ..o+.B.B|
[   11.209841] cloud-init[964]: |  . . . + = .B.=.|
[   11.210111] cloud-init[964]: | E . . o * o .*o.|
[   11.210173] cloud-init[964]: |. .   o S . o.o+ |
[   11.210202] cloud-init[964]: |o+       . .  o..|
[   11.210249] cloud-init[964]: |+ .         . .o.|
[   11.210280] cloud-init[964]: |             .  .|
[   11.210338] cloud-init[964]: |                 |
[   11.210774] cloud-init[964]: +----[SHA256]-----+
[   11.211161] cloud-init[964]: Generating public/private dsa key pair.
[   11.211329] cloud-init[964]: Your identification has been saved in /etc/ssh/ssh_host_dsa_key.
[   11.211766] cloud-init[964]: Your public key has been saved in /etc/ssh/ssh_host_dsa_key.pub.
[   11.212481] cloud-init[964]: The key fingerprint is:
[   11.212682] cloud-init[964]: SHA256:mtIB4W7LPg7+HVBnsry/4Y3UqT8yhyzG0y4spmtRyFA root@ubuntu-xenial
[   11.212927] cloud-init[964]: The key's randomart image is:
[   11.213038] cloud-init[964]: +---[DSA 1024]----+
[   11.213267] cloud-init[964]: | .E .            |
[   11.213425] cloud-init[964]: |.  . .           |
[   11.213662] cloud-init[964]: | o .o o o        |
[   11.213812] cloud-init[964]: |  o..+ =         |
[   11.213935] cloud-init[964]: |   .+ + S        |
[   11.214356] cloud-init[964]: |  .o + = . .     |
[   11.214714] cloud-init[964]: |  ..+o*oo.o      |
[   11.214941] cloud-init[964]: | ..o+oB=*=o      |
[   11.214972] cloud-init[964]: | .+*++.=B*o.     |
[   11.215157] cloud-init[964]: +----[SHA256]-----+
[   11.215287] cloud-init[964]: Generating public/private ecdsa key pair.
[   11.215317] cloud-init[964]: Your identification has been saved in /etc/ssh/ssh_host_ecdsa_key.
[   11.215563] cloud-init[964]: Your public key has been saved in /etc/ssh/ssh_host_ecdsa_key.pub.
[   11.215634] cloud-init[964]: The key fingerprint is:
[   11.215883] cloud-init[964]: SHA256:d6WTzmmnGN4dfjEkkQFtX2jLWgVsESYFr5ZQK0TokEI root@ubuntu-xenial
[   11.215912] cloud-init[964]: The key's randomart image is:
[   11.216180] cloud-init[964]: +---[ECDSA 256]---+
[   11.216212] cloud-init[964]: |   .E  . oo.*=O= |
[   11.216508] cloud-init[964]: |    . o .. . X= o|
[   11.217037] cloud-init[964]: |     . o  o o+=o.|
[   11.217735] cloud-init[964]: |        .  o B+o |
[   11.218415] cloud-init[964]: |        S . Ooo  |
[   11.218554] cloud-init[964]: |         . =.o o |
[   11.218632] cloud-init[964]: |          . = o o|
[   11.218744] cloud-init[964]: |         . = = ..|
[   11.219099] cloud-init[964]: |          o o o. |
[   11.219333] cloud-init[964]: +----[SHA256]-----+
[   11.219361] cloud-init[964]: Generating public/private ed25519 key pair.
[   11.219906] cloud-init[964]: Your identification has been saved in /etc/ssh/ssh_host_ed25519_key.
[   11.220479] cloud-init[964]: Your public key has been saved in /etc/ssh/ssh_host_ed25519_key.pub.
[   11.220594] cloud-init[964]: The key fingerprint is:
[   11.220697] cloud-init[964]: SHA256:wbv8SnN88lYHSINo77Vez8V2MX7FZn5OkQWXYzShvAc root@ubuntu-xenial
[   11.220956] cloud-init[964]: The key's randomart image is:
[   11.221016] cloud-init[964]: +--[ED25519 256]--+
[   11.221479] cloud-init[964]: |         . .  o=+|
[   11.221595] cloud-init[964]: |       .o . + .=o|
[   11.221929] cloud-init[964]: |       .o. . E..+|
[   11.222349] cloud-init[964]: |         o. o +==|
[   11.222379] cloud-init[964]: |        S. . o.B=|
[   11.222791] cloud-init[964]: |       . o. . +.@|
[   11.222823] cloud-init[964]: |        = +..o B=|
[   11.223014] cloud-init[964]: |       . + +o   +|
[   11.223294] cloud-init[964]: |        .....    |
[   11.223598] cloud-init[964]: +----[SHA256]-----+
[[0;32m  OK  [0m] Reached target Network is Online.
         Starting iSCSI initiator daemon (iscsid)...
[[0;32m  OK  [0m] Reached target System Initialization.
         Starting LXD - unix socket.
[[0;32m  OK  [0m] Listening on UUID daemon activation socket.
[[0;32m  OK  [0m] Started Message of the Day.
[[0;32m  OK  [0m] Started Daily Cleanup of Temporary Directories.
[[0;32m  OK  [0m] Started ACPI Events Check.
[[0;32m  OK  [0m] Reached target Paths.
[[0;32m  OK  [0m] Listening on ACPID Listen Socket.
[[0;32m  OK  [0m] Started Daily apt download activities.
[[0;32m  OK  [0m] Started Daily apt upgrade and clean activities.
[[0;32m  OK  [0m] Reached target Timers.
[[0;32m  OK  [0m] Listening on D-Bus System Message Bus Socket.
         Starting Socket activation for snappy daemon.
[[0;32m  OK  [0m] Reached target Cloud-config availability.
[[0;32m  OK  [0m] Listening on LXD - unix socket.
[[0;32m  OK  [0m] Listening on Socket activation for snappy daemon.
[[0;32m  OK  [0m] Started iSCSI initiator daemon (iscsid).
         Starting Login to default iSCSI targets...
[[0;32m  OK  [0m] Reached target Sockets.
[[0;32m  OK  [0m] Reached target Basic System.
         Starting /etc/rc.local Compatibility...
         Starting Virtualbox guest utils...
         Starting System Logging Service...
[[0;32m  OK  [0m] Started Regular background program processing daemon.
[[0;32m  OK  [0m] Started ACPI event daemon.
         Starting LSB: MD monitoring daemon...
         Starting Accounts Service...
         Starting LSB: Record successful boot for GRUB...
[[0;32m  OK  [0m] Started D-Bus System Message Bus.
         Starting Snappy daemon...
         Starting LXD - container startup/shutdown...
         Starting Login Service...
[[0;32m  OK  [0m] Started Deferred execution scheduler.
         Starting Pollinate to seed the pseudo random number generator...
[[0;32m  OK  [0m] Started FUSE filesystem for LXC.
[[0;32m  OK  [0m] Started System Logging Service.
[[0;32m  OK  [0m] Started /etc/rc.local Compatibility.
[[0;32m  OK  [0m] Started Login Service.
[[0;32m  OK  [0m] Started Unattended Upgrades Shutdown.
[[0;32m  OK  [0m] Started LSB: Record successful boot for GRUB.
         Starting Authenticate and Authorize Users to Run Privileged Tasks...
[[0;32m  OK  [0m] Started LSB: MD monitoring daemon.
[[0;32m  OK  [0m] Started Authenticate and Authorize Users to Run Privileged Tasks.
[[0;32m  OK  [0m] Started Login to default iSCSI targets.
[[0;32m  OK  [0m] Reached target Remote File Systems (Pre).
[[0;32m  OK  [0m] Reached target Remote File Systems.
         Starting LSB: daemon to balance interrupts for SMP systems...
         Starting LSB: automatic crash report generation...
         Starting LSB: Set the CPU Frequency Scaling governor to "ondemand"...
         Starting Permit User Sessions...
[[0;32m  OK  [0m] Started LXD - container startup/shutdown.
[[0;32m  OK  [0m] Started Accounts Service.
[[0;32m  OK  [0m] Started Permit User Sessions.
         Starting Hold until boot process finishes up...
         Starting Terminate Plymouth Boot Screen...
[[0;32m  OK  [0m] Started Virtualbox guest utils.
[[0;32m  OK  [0m] Started Hold until boot process finishes up.
[[0;32m  OK  [0m] Started Terminate Plymouth Boot Screen.
[[0;32m  OK  [0m] Started Getty on tty1.
[[0;32m  OK  [0m] Started Serial Getty on ttyS0.
[[0;32m  OK  [0m] Reached target Login Prompts.
         Starting Set console scheme...
[[0;32m  OK  [0m] Started LSB: Set the CPU Frequency Scaling governor to "ondemand".
[[0;32m  OK  [0m] Started Set console scheme.
[[0;32m  OK  [0m] Started LSB: daemon to balance interrupts for SMP systems.
[[0;32m  OK  [0m] Started LSB: automatic crash report generation.
[[0;32m  OK  [0m] Started Snappy daemon.
         Starting Wait until snapd is fully seeded...
[[0;32m  OK  [0m] Started Wait until snapd is fully seeded.
         Starting Apply the settings specified in cloud-config...
[[0;32m  OK  [0m] Started Pollinate to seed the pseudo random number generator.
         Starting OpenBSD Secure Shell server...
[[0;32m  OK  [0m] Started OpenBSD Secure Shell server.
[[0;32m  OK  [0m] Reached target Multi-User System.
[[0;32m  OK  [0m] Reached target Graphical Interface.
         Starting Update UTMP about System Runlevel Changes...
[[0;32m  OK  [0m] Started Update UTMP about System Runlevel Changes.
[[0;32m  OK  [0m] Created slice User Slice of vagrant.
         Starting User Manager for UID 1000...
[[0;32m  OK  [0m] Started Session 1 of user vagrant.
[[0;32m  OK  [0m] Started User Manager for UID 1000.
[   13.781338] cloud-init[1301]: Generating locales (this might take a while)...
[   14.822934] cloud-init[1301]:   en_US.UTF-8... done
[   14.832494] cloud-init[1301]: Generation complete.
[   15.170376] cloud-init[1301]: Cloud-init v. 19.4-33-gbb4131a2-0ubuntu1~16.04.1 running 'modules:config' at Sat, 06 Jun 2020 13:00:59 +0000. Up 13.68 seconds.
[[0;32m  OK  [0m] Started Apply the settings specified in cloud-config.
         Starting Execute cloud user/final scripts...
[[0;32m  OK  [0m] Started Session 2 of user vagrant.
ci-info: no authorized SSH keys fingerprints found for user ubuntu.
<14>Jun  6 13:01:01 ec2: 
<14>Jun  6 13:01:01 ec2: #############################################################
<14>Jun  6 13:01:01 ec2: -----BEGIN SSH HOST KEY FINGERPRINTS-----
<14>Jun  6 13:01:01 ec2: 1024 SHA256:mtIB4W7LPg7+HVBnsry/4Y3UqT8yhyzG0y4spmtRyFA root@ubuntu-xenial (DSA)
<14>Jun  6 13:01:01 ec2: 256 SHA256:d6WTzmmnGN4dfjEkkQFtX2jLWgVsESYFr5ZQK0TokEI root@ubuntu-xenial (ECDSA)
<14>Jun  6 13:01:01 ec2: 256 SHA256:wbv8SnN88lYHSINo77Vez8V2MX7FZn5OkQWXYzShvAc root@ubuntu-xenial (ED25519)
<14>Jun  6 13:01:01 ec2: 2048 SHA256:Vd6bCC6BfZR9V8w81RFFrWSc8vNC0I/7oRCIJuAqNkI root@ubuntu-xenial (RSA)
<14>Jun  6 13:01:01 ec2: -----END SSH HOST KEY FINGERPRINTS-----
<14>Jun  6 13:01:01 ec2: #############################################################
-----BEGIN SSH HOST KEY KEYS-----
ecdsa-sha2-nistp256 AAAAE2VjZHNhLXNoYTItbmlzdHAyNTYAAAAIbmlzdHAyNTYAAABBBE/IQ7CejORKtpK8Uh5T17/jKXUFq/xTIz9+zBEM/IxVCuQU5v+ghSgk/YmFgmfCnv7vDVug7OTJhWXz17V7yeU= root@ubuntu-xenial
ssh-ed25519 AAAAC3NzaC1lZDI1NTE5AAAAIN5zAmvQzpXZCnnh4Ya5SPwQ/UdpANiqbcKcg4YdaxqT root@ubuntu-xenial
ssh-rsa AAAAB3NzaC1yc2EAAAADAQABAAABAQCpXpo+MAXF+pVxZOLaZ7xg2YdTcw41WqVox9DOCiWjHWHhie7kIjwwSgVX6Zh3cGhyyaR0SO0+EEkXzmlfQiDiRxUeiyXU+Hw/hbgwzomjcSPZ0zV9S8IXChEP2uAeCOGpIrJIoPFAHIpM+nUOBrmjF1CQacj06McOEBig6U0d/P94JS4EQr0oLN7KQEHkoReOG2PmWjB0nft+1u6K00P8ASHsAx9lhmDCES/D5CWbC36baq+XFLd6FPmzRHKIeTQvR2L50BD2YXdYCfWp916nPM0s/w3QCduB485p3Fi+Dm1FaYwDx3LOr5Z/6Oz7YetAgK6dhkJfzMhsO/CDDRLB root@ubuntu-xenial
-----END SSH HOST KEY KEYS-----
[   15.701416] cloud-init[1531]: Cloud-init v. 19.4-33-gbb4131a2-0ubuntu1~16.04.1 running 'modules:final' at Sat, 06 Jun 2020 13:01:01 +0000. Up 15.54 seconds.
[   15.703475] cloud-init[1531]: ci-info: no authorized SSH keys fingerprints found for user ubuntu.
[   15.708308] cloud-init[1531]: Cloud-init v. 19.4-33-gbb4131a2-0ubuntu1~16.04.1 finished at Sat, 06 Jun 2020 13:01:01 +0000. Datasource DataSourceNoCloud [seed=/dev/sdb][dsmode=net].  Up 15.69 seconds
[[0;32m  OK  [0m] Started Execute cloud user/final scripts.
[[0;32m  OK  [0m] Reached target Cloud-init target.

Ubuntu 16.04.6 LTS minikube ttyS0

minikube login: 